
> app@1.0.0 web
> expo start --web

Starting project at /app
React Compiler enabled
Starting Metro Bundler
The following packages should be updated for best compatibility with the installed expo version:
  react-native-svg@15.15.2 - expected version: 15.12.1
Your project may not work correctly until you install the expected versions of the packages.
Waiting on http://localhost:8081
Logs for your project will appear below.
Web node_modules/expo-router/entry.js ░░░░░░░░░░░░░░░░  0.0% (0/1)
Web node_modules/expo-router/entry.js ▓▓▓▓▓▓▓▓▓▓▓▓░░░░ 80.5% (1009/1167)
λ node_modules/expo-router/node/render.js ▓▓▓▓▓▓▓▓▓▓▓▓░░░░ 77.9% (1339/1518)
Web node_modules/expo-router/entry.js ▓▓▓▓▓▓▓▓▓▓▓▓░░░░ 80.5% (2426/3194)
λ node_modules/expo-router/node/render.js ▓▓▓▓▓▓▓▓▓▓▓▓▓▓░░ 91.5% (3344/3510)
λ Bundled 8510ms node_modules/expo-router/node/render.js (3774 modules)
Web Bundled 8961ms node_modules/expo-router/entry.js (3604 modules)
λ  WARN  Your app (or one of its dependencies) is using an outdated JSX transform. Update to the modern JSX transform for faster performance: https://react.dev/link/new-jsx-transform
λ  ERROR  Accessing element.ref was removed in React 19. ref is now a regular prop. It will be removed from the JSX Element type in a future release.
Web node_modules/expo-router/entry.js ░░░░░░░░░░░░░░░░  0.0% (0/1)
Web Bundled 3557ms node_modules/expo-router/entry.js (3606 modules)
Web node_modules/expo-router/entry.js ▓▓▓▓▓▓▓▓▓▓▓▓▓▓▓░ 99.9% (3604/3606)
 LOG  [web] Logs will appear in the browser console
Web node_modules/expo-router/entry.js ░░░░░░░░░░░░░░░░  0.0% (0/1)
λ Bundled 296ms node_modules/expo-router/node/render.js (1 module)
Web Bundled 1145ms node_modules/expo-router/entry.js (1 module)
Web Bundled 265ms node_modules/expo-router/entry.js (1 module)
 LOG  [web] Logs will appear in the browser console
